// Jest Snapshot v1, https://goo.gl/fbAQLP

exports[`ViewFolder component renders without error 1`] = `
<Fragment>
  <div
    className="FolderListWrapper"
  >
    <h2>
      Folders
    </h2>
    <withRouter(FolderList) />
  </div>
  <div
    className="NoteListWrapper"
  >
    <withRouter(NoteListHeader) />
    <withRouter(NoteList) />
  </div>
</Fragment>
`;
