// Jest Snapshot v1, https://goo.gl/fbAQLP

exports[`ViewAll component renders without error 1`] = `
<Fragment>
  <FolderList>
    <Folder
      id="test"
      name="Test Folder"
    />
    <Folder
      id="test"
      name="Test Folder"
    />
    <Folder
      id="test"
      name="Test Folder"
    />
  </FolderList>
  <NoteList>
    <Note
      id="test"
      modified="10/10/2020"
      name="Test Note"
    />
    <Note
      id="test"
      modified="10/10/2020"
      name="Test Note"
    />
    <Note
      id="test"
      modified="10/10/2020"
      name="Test Note"
    />
  </NoteList>
</Fragment>
`;
